        ____          _                            
       / ___|___   __| | ___                       
      | |   / _ \ / _` |/ _ \                      
      | |__| (_) | (_| |  __/                      
       \____\___/ \__, |\___|                      
       / ___|___   __| | ___                       
      | |   / _ \ / _` |/ _ \                      
      | |__| (_) | (_| |  __/                      
       \____\___/ \__, |\___|____              _    __ _ _
 /\\   / ___|___   __| | ___| __ )  ___   ___ | |_  \ \ \ \
( ( ) | |   / _ \ / _` |/ _ \  _ \ / _ \ / _ \| __|  \ \ \ \
 \\/  | |__| (_) | (_| |  __/ |_) | (_) | (_) | |     ) ) ) )
  '    \____\___/ \__, |\___|____/ \___/ \___/| |_   / / / /
=.- .-.==============|_|=======================\__|=/_/_/_/
2026-10-05T10:40:42.090-07:00  WARN 34087 --- [  restartedMain] c.o.spring.mvc.S3uploads.S3FileHandler   : S3 is disabled: missing AWS credentials/region/bucket. Upload API will return errors until configured.
2026-10-05T10:40:43.782-07:00  WARN 34087 --- [  restartedMain] r$InitializeUserDetailsManagerConfigurer : Global AuthenticationManager configured with an AuthenticationProvider bean. UserDetailsService beans will not be used by Spring Security for automatically configuring username/password login. Consider removing the AuthenticationProvider bean. Alternatively, consider using the UserDetailsService in a manually instantiated DaoAuthenticationProvider. If the current configuration is intentional, to turn off this warning, increase the logging level of 'org.springframework.security.config.annotation.authentication.configuration.InitializeUserDetailsBeanManagerConfigurer' to ERROR
2026-10-05T10:40:44.409-07:00  WARN 34087 --- [  restartedMain] o.s.data.convert.CustomConversions       : Registering converter from interface java.util.List to interface org.springframework.data.domain.Vector as reading converter although it doesn't convert from a store-supported type; You might want to check your annotation setup at the converter implementation
2026-10-05T10:40:44.420-07:00  WARN 34087 --- [  restartedMain] o.s.data.convert.CustomConversions       : Registering converter from interface java.util.List to interface org.springframework.data.domain.Vector as reading converter although it doesn't convert from a store-supported type; You might want to check your annotation setup at the converter implementation

=== Processing Pending Balances ===

=== Mining Process Started ===
Found 0 total miners
Ensured 'adventure' table exists
Migrated Adventure rows into 'details' JSON where missing
Ensured 'games' table exists
Ensured 'group_mentors' table exists
Ensured 'capstone_project' table exists
Ensured 'capstone_mentors' table exists
Ensured 'capstone_project_seq' table exists
Ensured direct message tables exist
Database already contains 9 persons. Skipping ModelInit...
Initializing energy plans...
Energy plans initialized successfully
2026-10-05T10:40:44.580-07:00  WARN 34087 --- [  restartedMain] c.o.spring.mvc.S3uploads.S3FileHandler   : S3 fileExists check attempted but S3 client is not configured.
2026-10-05T10:40:44.580-07:00  WARN 34087 --- [  restartedMain] c.o.spring.mvc.S3uploads.S3FileHandler   : S3 upload attempted but S3 client is not configured.
2026-10-05T10:40:44.580-07:00  WARN 34087 --- [  restartedMain] c.o.spring.mvc.S3uploads.S3FileHandler   : S3 fileExists check attempted but S3 client is not configured.
2026-10-05T10:40:44.580-07:00  WARN 34087 --- [  restartedMain] c.o.spring.mvc.S3uploads.S3FileHandler   : S3 upload attempted but S3 client is not configured.
2026-10-05T10:40:44.580-07:00  WARN 34087 --- [  restartedMain] c.o.spring.mvc.S3uploads.S3FileHandler   : S3 fileExists check attempted but S3 client is not configured.
2026-10-05T10:40:44.580-07:00  WARN 34087 --- [  restartedMain] c.o.spring.mvc.S3uploads.S3FileHandler   : S3 upload attempted but S3 client is not configured.
2026-10-05T10:40:44.580-07:00  WARN 34087 --- [  restartedMain] c.o.spring.mvc.S3uploads.S3FileHandler   : S3 fileExists check attempted but S3 client is not configured.
2026-10-05T10:40:44.580-07:00  WARN 34087 --- [  restartedMain] c.o.spring.mvc.S3uploads.S3FileHandler   : S3 upload attempted but S3 client is not configured.
2026-10-05T10:40:44.580-07:00  WARN 34087 --- [  restartedMain] c.o.spring.mvc.S3uploads.S3FileHandler   : S3 fileExists check attempted but S3 client is not configured.
2026-10-05T10:40:44.580-07:00  WARN 34087 --- [  restartedMain] c.o.spring.mvc.S3uploads.S3FileHandler   : S3 upload attempted but S3 client is not configured.
2026-10-05T10:40:44.580-07:00  WARN 34087 --- [  restartedMain] c.o.spring.mvc.S3uploads.S3FileHandler   : S3 fileExists check attempted but S3 client is not configured.
2026-10-05T10:40:44.580-07:00  WARN 34087 --- [  restartedMain] c.o.spring.mvc.S3uploads.S3FileHandler   : S3 upload attempted but S3 client is not configured.
2026-10-05T10:40:44.580-07:00  WARN 34087 --- [  restartedMain] c.o.spring.mvc.S3uploads.S3FileHandler   : S3 fileExists check attempted but S3 client is not configured.
2026-10-05T10:40:44.580-07:00  WARN 34087 --- [  restartedMain] c.o.spring.mvc.S3uploads.S3FileHandler   : S3 upload attempted but S3 client is not configured.
2026-10-05T10:40:44.580-07:00  WARN 34087 --- [  restartedMain] c.o.spring.mvc.S3uploads.S3FileHandler   : S3 fileExists check attempted but S3 client is not configured.
2026-10-05T10:40:44.580-07:00  WARN 34087 --- [  restartedMain] c.o.spring.mvc.S3uploads.S3FileHandler   : S3 upload attempted but S3 client is not configured.
2026-10-05T10:40:44.580-07:00  WARN 34087 --- [  restartedMain] c.o.spring.mvc.S3uploads.S3FileHandler   : S3 fileExists check attempted but S3 client is not configured.
2026-10-05T10:40:44.580-07:00  WARN 34087 --- [  restartedMain] c.o.spring.mvc.S3uploads.S3FileHandler   : S3 upload attempted but S3 client is not configured.
2026-10-05T10:40:44.580-07:00  WARN 34087 --- [  restartedMain] c.o.spring.mvc.S3uploads.S3FileHandler   : S3 fileExists check attempted but S3 client is not configured.
2026-10-05T10:40:44.580-07:00  WARN 34087 --- [  restartedMain] c.o.spring.mvc.S3uploads.S3FileHandler   : S3 upload attempted but S3 client is not configured.
2026-10-05T10:40:44.580-07:00  WARN 34087 --- [  restartedMain] c.o.spring.mvc.S3uploads.S3FileHandler   : S3 fileExists check attempted but S3 client is not configured.
2026-10-05T10:40:44.580-07:00  WARN 34087 --- [  restartedMain] c.o.spring.mvc.S3uploads.S3FileHandler   : S3 upload attempted but S3 client is not configured.
2026-10-05T10:40:44.580-07:00  WARN 34087 --- [  restartedMain] c.o.spring.mvc.S3uploads.S3FileHandler   : S3 fileExists check attempted but S3 client is not configured.
2026-10-05T10:40:44.580-07:00  WARN 34087 --- [  restartedMain] c.o.spring.mvc.S3uploads.S3FileHandler   : S3 upload attempted but S3 client is not configured.
2026-10-05T10:40:44.580-07:00  WARN 34087 --- [  restartedMain] c.o.spring.mvc.S3uploads.S3FileHandler   : S3 fileExists check attempted but S3 client is not configured.
2026-10-05T10:40:44.580-07:00  WARN 34087 --- [  restartedMain] c.o.spring.mvc.S3uploads.S3FileHandler   : S3 upload attempted but S3 client is not configured.
2026-10-05T10:40:44.580-07:00  WARN 34087 --- [  restartedMain] c.o.spring.mvc.S3uploads.S3FileHandler   : S3 fileExists check attempted but S3 client is not configured.
2026-10-05T10:40:44.580-07:00  WARN 34087 --- [  restartedMain] c.o.spring.mvc.S3uploads.S3FileHandler   : S3 upload attempted but S3 client is not configured.
2026-10-05T10:40:44.580-07:00  WARN 34087 --- [  restartedMain] c.o.spring.mvc.S3uploads.S3FileHandler   : S3 fileExists check attempted but S3 client is not configured.
2026-10-05T10:40:44.580-07:00  WARN 34087 --- [  restartedMain] c.o.spring.mvc.S3uploads.S3FileHandler   : S3 upload attempted but S3 client is not configured.
2026-10-05T10:40:44.580-07:00  WARN 34087 --- [  restartedMain] c.o.spring.mvc.S3uploads.S3FileHandler   : S3 fileExists check attempted but S3 client is not configured.
2026-10-05T10:40:44.580-07:00  WARN 34087 --- [  restartedMain] c.o.spring.mvc.S3uploads.S3FileHandler   : S3 upload attempted but S3 client is not configured.
2026-10-05T10:40:44.580-07:00  WARN 34087 --- [  restartedMain] c.o.spring.mvc.S3uploads.S3FileHandler   : S3 fileExists check attempted but S3 client is not configured.
2026-10-05T10:40:44.580-07:00  WARN 34087 --- [  restartedMain] c.o.spring.mvc.S3uploads.S3FileHandler   : S3 upload attempted but S3 client is not configured.
2026-10-05T10:40:44.580-07:00  WARN 34087 --- [  restartedMain] c.o.spring.mvc.S3uploads.S3FileHandler   : S3 fileExists check attempted but S3 client is not configured.
2026-10-05T10:40:44.580-07:00  WARN 34087 --- [  restartedMain] c.o.spring.mvc.S3uploads.S3FileHandler   : S3 upload attempted but S3 client is not configured.
2026-10-05T10:40:44.580-07:00  WARN 34087 --- [  restartedMain] c.o.spring.mvc.S3uploads.S3FileHandler   : S3 fileExists check attempted but S3 client is not configured.
2026-10-05T10:40:44.581-07:00  WARN 34087 --- [  restartedMain] c.o.spring.mvc.S3uploads.S3FileHandler   : S3 upload attempted but S3 client is not configured.
2026-10-05T10:40:44.581-07:00  WARN 34087 --- [  restartedMain] c.o.spring.mvc.S3uploads.S3FileHandler   : S3 fileExists check attempted but S3 client is not configured.
2026-10-05T10:40:44.581-07:00  WARN 34087 --- [  restartedMain] c.o.spring.mvc.S3uploads.S3FileHandler   : S3 upload attempted but S3 client is not configured.
2026-10-05T10:40:44.581-07:00  WARN 34087 --- [  restartedMain] c.o.spring.mvc.S3uploads.S3FileHandler   : S3 fileExists check attempted but S3 client is not configured.
2026-10-05T10:40:44.581-07:00  WARN 34087 --- [  restartedMain] c.o.spring.mvc.S3uploads.S3FileHandler   : S3 upload attempted but S3 client is not configured.
2026-10-05T10:40:44.581-07:00  WARN 34087 --- [  restartedMain] c.o.spring.mvc.S3uploads.S3FileHandler   : S3 fileExists check attempted but S3 client is not configured.
2026-10-05T10:40:44.581-07:00  WARN 34087 --- [  restartedMain] c.o.spring.mvc.S3uploads.S3FileHandler   : S3 upload attempted but S3 client is not configured.
2026-10-05T10:40:44.581-07:00  WARN 34087 --- [  restartedMain] c.o.spring.mvc.S3uploads.S3FileHandler   : S3 fileExists check attempted but S3 client is not configured.
2026-10-05T10:40:44.581-07:00  WARN 34087 --- [  restartedMain] c.o.spring.mvc.S3uploads.S3FileHandler   : S3 upload attempted but S3 client is not configured.
2026-10-05T10:40:44.581-07:00  WARN 34087 --- [  restartedMain] c.o.spring.mvc.S3uploads.S3FileHandler   : S3 fileExists check attempted but S3 client is not configured.
2026-10-05T10:40:44.581-07:00  WARN 34087 --- [  restartedMain] c.o.spring.mvc.S3uploads.S3FileHandler   : S3 upload attempted but S3 client is not configured.
2026-10-05T10:40:44.581-07:00  WARN 34087 --- [  restartedMain] c.o.spring.mvc.S3uploads.S3FileHandler   : S3 fileExists check attempted but S3 client is not configured.
2026-10-05T10:40:44.581-07:00  WARN 34087 --- [  restartedMain] c.o.spring.mvc.S3uploads.S3FileHandler   : S3 upload attempted but S3 client is not configured.
2026-10-05T10:40:44.581-07:00  WARN 34087 --- [  restartedMain] c.o.spring.mvc.S3uploads.S3FileHandler   : S3 fileExists check attempted but S3 client is not configured.
2026-10-05T10:40:44.581-07:00  WARN 34087 --- [  restartedMain] c.o.spring.mvc.S3uploads.S3FileHandler   : S3 upload attempted but S3 client is not configured.
SQLite Version: 3.51.0
Integrity Check: ok
Database initialized successfully in WAL mode.
logs.size() = 1
Tinkle record found: Test Mentor QA
2026-10-05T10:40:44.820-07:00  WARN 34087 --- [nio-8585-exec-1] c.open.spring.security.JwtRequestFilter  : API request: /api/capstones GET 0:0:0:0:0:0:0:1 0:0:0:0:0:0:0:1 55529
2026-10-05T10:40:44.820-07:00  WARN 34087 --- [nio-8585-exec-1] c.open.spring.security.JwtRequestFilter  : No JWT cookie: /api/capstones GET 0:0:0:0:0:0:0:1 0:0:0:0:0:0:0:1 55529
logs.size() = 1
2026-10-05T10:40:44.863-07:00  WARN 34087 --- [nio-8585-exec-2] c.open.spring.security.JwtRequestFilter  : API request: /api/capstones GET 0:0:0:0:0:0:0:1 0:0:0:0:0:0:0:1 55531
2026-10-05T10:40:44.863-07:00  WARN 34087 --- [nio-8585-exec-2] c.open.spring.security.JwtRequestFilter  : No JWT cookie: /api/capstones GET 0:0:0:0:0:0:0:1 0:0:0:0:0:0:0:1 55531
2026-10-05T10:40:59.200-07:00  WARN 34087 --- [nio-8585-exec-5] c.open.spring.security.JwtRequestFilter  : API request: /api/ocs-analytics/save POST 0:0:0:0:0:0:0:1 0:0:0:0:0:0:0:1 55662
2026-10-05T10:40:59.252-07:00  WARN 34087 --- [nio-8585-exec-5] c.open.spring.security.JwtRequestFilter  : Cookie: mentortest [ROLE_MENTOR]
2026-10-05T10:41:29.180-07:00  WARN 34087 --- [nio-8585-exec-7] c.open.spring.security.JwtRequestFilter  : API request: /api/ocs-analytics/save POST 0:0:0:0:0:0:0:1 0:0:0:0:0:0:0:1 55662
2026-10-05T10:41:29.193-07:00  WARN 34087 --- [nio-8585-exec-7] c.open.spring.security.JwtRequestFilter  : Cookie: mentortest [ROLE_MENTOR]
2026-10-05T10:41:59.179-07:00  WARN 34087 --- [nio-8585-exec-9] c.open.spring.security.JwtRequestFilter  : API request: /api/ocs-analytics/save POST 0:0:0:0:0:0:0:1 0:0:0:0:0:0:0:1 55662
2026-10-05T10:41:59.190-07:00  WARN 34087 --- [nio-8585-exec-9] c.open.spring.security.JwtRequestFilter  : Cookie: mentortest [ROLE_MENTOR]
2026-10-05T10:42:09.113-07:00  WARN 34087 --- [nio-8585-exec-4] c.open.spring.security.JwtRequestFilter  : API request: /api/person/get GET 0:0:0:0:0:0:0:1 0:0:0:0:0:0:0:1 55662
2026-10-05T10:42:09.117-07:00  WARN 34087 --- [nio-8585-exec-4] c.open.spring.security.JwtRequestFilter  : Cookie: mentortest [ROLE_MENTOR]
2026-10-05T10:42:09.126-07:00  WARN 34087 --- [nio-8585-exec-5] c.open.spring.security.JwtRequestFilter  : API request: /api/person/get GET 0:0:0:0:0:0:0:1 0:0:0:0:0:0:0:1 55662
2026-10-05T10:42:09.130-07:00  WARN 34087 --- [nio-8585-exec-5] c.open.spring.security.JwtRequestFilter  : Cookie: mentortest [ROLE_MENTOR]
2026-10-05T10:42:09.139-07:00  WARN 34087 --- [nio-8585-exec-6] c.open.spring.security.JwtRequestFilter  : API request: /api/ocs-analytics/save POST 0:0:0:0:0:0:0:1 0:0:0:0:0:0:0:1 55662
2026-10-05T10:42:09.150-07:00  WARN 34087 --- [nio-8585-exec-6] c.open.spring.security.JwtRequestFilter  : Cookie: mentortest [ROLE_MENTOR]
2026-10-05T10:42:09.272-07:00  WARN 34087 --- [nio-8585-exec-7] c.open.spring.security.JwtRequestFilter  : API request: /api/person/get GET 0:0:0:0:0:0:0:1 0:0:0:0:0:0:0:1 55741
2026-10-05T10:42:09.281-07:00  WARN 34087 --- [nio-8585-exec-7] c.open.spring.security.JwtRequestFilter  : Cookie: mentortest [ROLE_MENTOR]
2026-10-05T10:42:09.287-07:00  WARN 34087 --- [nio-8585-exec-8] c.open.spring.security.JwtRequestFilter  : API request: /api/person/get GET 0:0:0:0:0:0:0:1 0:0:0:0:0:0:0:1 55753
2026-10-05T10:42:09.295-07:00  WARN 34087 --- [io-8585-exec-10] c.open.spring.security.JwtRequestFilter  : API request: /api/groups/class-memberships PUT 0:0:0:0:0:0:0:1 0:0:0:0:0:0:0:1 55741
2026-10-05T10:42:09.297-07:00  WARN 34087 --- [nio-8585-exec-8] c.open.spring.security.JwtRequestFilter  : Cookie: mentortest [ROLE_MENTOR]
2026-10-05T10:42:09.301-07:00  WARN 34087 --- [nio-8585-exec-1] c.open.spring.security.JwtRequestFilter  : API request: /api/person/get GET 0:0:0:0:0:0:0:1 0:0:0:0:0:0:0:1 55759
2026-10-05T10:42:09.302-07:00  WARN 34087 --- [io-8585-exec-10] c.open.spring.security.JwtRequestFilter  : Cookie: mentortest [ROLE_MENTOR]
2026-10-05T10:42:09.309-07:00  WARN 34087 --- [nio-8585-exec-3] c.open.spring.security.JwtRequestFilter  : API request: /api/groups/person/452 GET 0:0:0:0:0:0:0:1 0:0:0:0:0:0:0:1 55753
2026-10-05T10:42:09.310-07:00  WARN 34087 --- [nio-8585-exec-1] c.open.spring.security.JwtRequestFilter  : Cookie: mentortest [ROLE_MENTOR]
2026-10-05T10:42:09.313-07:00  WARN 34087 --- [nio-8585-exec-3] c.open.spring.security.JwtRequestFilter  : Cookie: mentortest [ROLE_MENTOR]
2026-10-05T10:42:11.956-07:00  WARN 34087 --- [nio-8585-exec-4] c.open.spring.security.JwtRequestFilter  : API request: /api/person/get GET 0:0:0:0:0:0:0:1 0:0:0:0:0:0:0:1 55753
2026-10-05T10:42:11.958-07:00  WARN 34087 --- [nio-8585-exec-6] c.open.spring.security.JwtRequestFilter  : API request: /api/capstones GET 0:0:0:0:0:0:0:1 0:0:0:0:0:0:0:1 55741
2026-10-05T10:42:11.973-07:00  WARN 34087 --- [nio-8585-exec-6] c.open.spring.security.JwtRequestFilter  : Cookie: mentortest [ROLE_MENTOR]
2026-10-05T10:42:11.973-07:00  WARN 34087 --- [nio-8585-exec-4] c.open.spring.security.JwtRequestFilter  : Cookie: mentortest [ROLE_MENTOR]
2026-10-05T10:42:11.987-07:00  WARN 34087 --- [nio-8585-exec-7] c.open.spring.security.JwtRequestFilter  : API request: /api/capstones GET 0:0:0:0:0:0:0:1 0:0:0:0:0:0:0:1 55753
2026-10-05T10:42:11.988-07:00  WARN 34087 --- [nio-8585-exec-9] c.open.spring.security.JwtRequestFilter  : API request: /api/person/get GET 0:0:0:0:0:0:0:1 0:0:0:0:0:0:0:1 55741
2026-10-05T10:42:11.992-07:00  WARN 34087 --- [nio-8585-exec-9] c.open.spring.security.JwtRequestFilter  : Cookie: mentortest [ROLE_MENTOR]
2026-10-05T10:42:11.992-07:00  WARN 34087 --- [nio-8585-exec-7] c.open.spring.security.JwtRequestFilter  : Cookie: mentortest [ROLE_MENTOR]
2026-10-05T10:42:11.996-07:00  WARN 34087 --- [nio-8585-exec-8] c.open.spring.security.JwtRequestFilter  : API request: /api/groups/person/452 GET 0:0:0:0:0:0:0:1 0:0:0:0:0:0:0:1 55741
2026-10-05T10:42:11.996-07:00  WARN 34087 --- [nio-8585-exec-1] c.open.spring.security.JwtRequestFilter  : API request: /api/capstones/mine GET 0:0:0:0:0:0:0:1 0:0:0:0:0:0:0:1 55759
2026-10-05T10:42:11.999-07:00  WARN 34087 --- [nio-8585-exec-1] c.open.spring.security.JwtRequestFilter  : Cookie: mentortest [ROLE_MENTOR]
2026-10-05T10:42:12.000-07:00  WARN 34087 --- [nio-8585-exec-8] c.open.spring.security.JwtRequestFilter  : Cookie: mentortest [ROLE_MENTOR]
2026-10-05T10:42:12.005-07:00  WARN 34087 --- [io-8585-exec-10] c.open.spring.security.JwtRequestFilter  : API request: /api/capstones/mine GET 0:0:0:0:0:0:0:1 0:0:0:0:0:0:0:1 55753
2026-10-05T10:42:12.005-07:00  WARN 34087 --- [nio-8585-exec-5] c.open.spring.security.JwtRequestFilter  : API request: /api/capstones/applications/mine GET 0:0:0:0:0:0:0:1 0:0:0:0:0:0:0:1 55759
2026-10-05T10:42:12.008-07:00  WARN 34087 --- [io-8585-exec-10] c.open.spring.security.JwtRequestFilter  : Cookie: mentortest [ROLE_MENTOR]
2026-10-05T10:42:12.008-07:00  WARN 34087 --- [nio-8585-exec-5] c.open.spring.security.JwtRequestFilter  : Cookie: mentortest [ROLE_MENTOR]
2026-10-05T10:42:42.174-07:00  WARN 34087 --- [nio-8585-exec-6] c.open.spring.security.JwtRequestFilter  : API request: /api/ocs-analytics/save POST 0:0:0:0:0:0:0:1 0:0:0:0:0:0:0:1 55759
2026-10-05T10:42:42.182-07:00  WARN 34087 --- [nio-8585-exec-6] c.open.spring.security.JwtRequestFilter  : Cookie: mentortest [ROLE_MENTOR]
